Component: ARM Compiler 5.06 update 7 (build 960) Tool: armlink [4d3601]

==============================================================================

Section Cross References

    main.o(i.TIM1_UP_IRQHandler) refers to main.o(.data) for SoftTimer
    main.o(i.main) refers to rcc_config.o(i.PLL_Config64MHZ) for PLL_Config64MHZ
    main.o(i.main) refers to gpio_fun.o(i.GPIO_Pin_Cfg) for GPIO_Pin_Cfg
    main.o(i.main) refers to usart_uart_dma.o(i.USARTx_DMA_Config) for USARTx_DMA_Config
    main.o(i.main) refers to usart_uart_dma.o(i.TUART_DMA_Trasmit) for TUART_DMA_Trasmit
    main.o(i.main) refers to usart_uart_dma.o(i.TUART_DMA_Receive) for TUART_DMA_Receive
    main.o(i.main) refers to main.o(RAMCODE) for TIM1_Cnf
    main.o(i.main) refers to main.o(.bss) for TUART2
    main.o(i.main) refers to main.o(.conststring) for .conststring
    main.o(i.main) refers to main.o(.data) for rx_BUF
    main.o(i.main) refers to rcc_config.o(.data) for SysTime
    usart_uart_dma.o(i.DMA1_Channel6_IRQHandler) refers to usart_uart_dma.o(i.End_Rec) for End_Rec
    usart_uart_dma.o(i.DMA1_Channel6_IRQHandler) refers to main.o(.bss) for TUART2
    usart_uart_dma.o(i.ECHO_UART) refers to usart_uart_dma.o(i.TUART_DMA_Trasmit) for TUART_DMA_Trasmit
    usart_uart_dma.o(i.ECHO_UART) refers to usart_uart_dma.o(i.USART_Tr_DMA_CNGG) for USART_Tr_DMA_CNGG
    usart_uart_dma.o(i.ECHO_UART) refers to usart_uart_dma.o(i.TUART_DMA_Receive) for TUART_DMA_Receive
    usart_uart_dma.o(i.End_Rec) refers to usart_uart_dma.o(i.ECHO_UART) for ECHO_UART
    usart_uart_dma.o(i.End_Rec) refers to usart_uart_dma.o(.constdata) for CHANNEL_OFFSET_TAB
    usart_uart_dma.o(i.TUART_DMA_Receive) refers to usart_uart_dma.o(.constdata) for CHANNEL_OFFSET_TAB
    usart_uart_dma.o(i.TUART_DMA_Trasmit) refers to usart_uart_dma.o(i.USART_Tr_DMA_CNGG) for USART_Tr_DMA_CNGG
    usart_uart_dma.o(i.USART2_IRQHandler) refers to usart_uart_dma.o(i.USART_CallBack) for USART_CallBack
    usart_uart_dma.o(i.USART2_IRQHandler) refers to main.o(.bss) for TUART2
    usart_uart_dma.o(i.USART_CallBack) refers to usart_uart_dma.o(i.End_Rec) for End_Rec
    usart_uart_dma.o(i.USART_Tr_DMA_CNGG) refers to usart_uart_dma.o(.constdata) for CHANNEL_OFFSET_TAB
    usart_uart_dma.o(i.USARTx_DMA_Config) refers to usart_uart_dma.o(i.USART_Init) for USART_Init
    usart_uart_dma.o(i.USARTx_DMA_Config) refers to usart_uart_dma.o(i.__NVIC_EnableIRQ) for __NVIC_EnableIRQ
    usart_uart_dma.o(i.USARTx_DMA_Config) refers to main.o(.bss) for TUART2
    rcc_config.o(i.SysTick_Handler) refers to rcc_config.o(.data) for SysTime
    eventrecorder.o(i.EventCheckFilter) refers to eventrecorder.o(.bss.noinit) for EventStatus
    eventrecorder.o(i.EventGetTS) refers to eventrecorder.o(i.EventRecorderTimerGetCount) for EventRecorderTimerGetCount
    eventrecorder.o(i.EventGetTS) refers to eventrecorder.o(.emb_text) for __asm___15_EventRecorder_c_e8d3082c__atomic_xch32
    eventrecorder.o(i.EventGetTS) refers to eventrecorder.o(.bss.noinit) for EventStatus
    eventrecorder.o(i.EventRecord2) refers to eventrecorder.o(i.EventCheckFilter) for EventCheckFilter
    eventrecorder.o(i.EventRecord2) refers to eventrecorder.o(i.EventGetTS) for EventGetTS
    eventrecorder.o(i.EventRecord2) refers to eventrecorder.o(i.EventRecordItem) for EventRecordItem
    eventrecorder.o(i.EventRecord4) refers to eventrecorder.o(i.EventCheckFilter) for EventCheckFilter
    eventrecorder.o(i.EventRecord4) refers to eventrecorder.o(i.EventGetTS) for EventGetTS
    eventrecorder.o(i.EventRecord4) refers to eventrecorder.o(i.GetContext) for GetContext
    eventrecorder.o(i.EventRecord4) refers to eventrecorder.o(i.EventRecordItem) for EventRecordItem
    eventrecorder.o(i.EventRecordData) refers to eventrecorder.o(i.EventCheckFilter) for EventCheckFilter
    eventrecorder.o(i.EventRecordData) refers to eventrecorder.o(i.EventGetTS) for EventGetTS
    eventrecorder.o(i.EventRecordData) refers to eventrecorder.o(i.EventRecordItem) for EventRecordItem
    eventrecorder.o(i.EventRecordData) refers to rt_memcpy_v6.o(.text) for __aeabi_memcpy
    eventrecorder.o(i.EventRecordData) refers to eventrecorder.o(i.GetContext) for GetContext
    eventrecorder.o(i.EventRecordItem) refers to eventrecorder.o(.emb_text) for __asm___15_EventRecorder_c_e8d3082c__atomic_inc32
    eventrecorder.o(i.EventRecordItem) refers to eventrecorder.o(.bss.noinit) for EventStatus
    eventrecorder.o(i.EventRecorderClockUpdate) refers to eventrecorder.o(i.EventRecorderTimerGetFreq) for EventRecorderTimerGetFreq
    eventrecorder.o(i.EventRecorderClockUpdate) refers to eventrecorder.o(i.EventGetTS) for EventGetTS
    eventrecorder.o(i.EventRecorderClockUpdate) refers to eventrecorder.o(i.EventRecordItem) for EventRecordItem
    eventrecorder.o(i.EventRecorderClockUpdate) refers to eventrecorder.o(.bss.noinit) for EventStatus
    eventrecorder.o(i.EventRecorderDisable) refers to eventrecorder.o(.bss.noinit) for EventFilter
    eventrecorder.o(i.EventRecorderEnable) refers to eventrecorder.o(.bss.noinit) for EventFilter
    eventrecorder.o(i.EventRecorderInitialize) refers to rt_memclr_w.o(.text) for __aeabi_memclr4
    eventrecorder.o(i.EventRecorderInitialize) refers to eventrecorder.o(i.crc16_ccitt) for crc16_ccitt
    eventrecorder.o(i.EventRecorderInitialize) refers to eventrecorder.o(i.EventRecorderTimerSetup) for EventRecorderTimerSetup
    eventrecorder.o(i.EventRecorderInitialize) refers to eventrecorder.o(i.EventRecorderTimerGetFreq) for EventRecorderTimerGetFreq
    eventrecorder.o(i.EventRecorderInitialize) refers to eventrecorder.o(i.EventRecorderEnable) for EventRecorderEnable
    eventrecorder.o(i.EventRecorderInitialize) refers to eventrecorder.o(i.EventGetTS) for EventGetTS
    eventrecorder.o(i.EventRecorderInitialize) refers to eventrecorder.o(i.EventRecordItem) for EventRecordItem
    eventrecorder.o(i.EventRecorderInitialize) refers to eventrecorder.o(i.EventRecorderStart) for EventRecorderStart
    eventrecorder.o(i.EventRecorderInitialize) refers to eventrecorder.o(.bss.noinit) for EventStatus
    eventrecorder.o(i.EventRecorderInitialize) refers to eventrecorder.o(.constdata) for EventRecorderInfo
    eventrecorder.o(i.EventRecorderStart) refers to eventrecorder.o(i.EventGetTS) for EventGetTS
    eventrecorder.o(i.EventRecorderStart) refers to eventrecorder.o(i.EventRecordItem) for EventRecordItem
    eventrecorder.o(i.EventRecorderStart) refers to eventrecorder.o(.bss.noinit) for EventStatus
    eventrecorder.o(i.EventRecorderStop) refers to eventrecorder.o(i.EventGetTS) for EventGetTS
    eventrecorder.o(i.EventRecorderStop) refers to eventrecorder.o(i.EventRecordItem) for EventRecordItem
    eventrecorder.o(i.EventRecorderStop) refers to eventrecorder.o(.bss.noinit) for EventStatus
    eventrecorder.o(i.EventRecorderTimerGetFreq) refers to system_stm32f10x.o(.data) for SystemCoreClock
    eventrecorder.o(i.GetContext) refers to eventrecorder.o(.emb_text) for __asm___15_EventRecorder_c_e8d3082c__atomic_inc8
    eventrecorder.o(i.GetContext) refers to eventrecorder.o(.bss.noinit) for EventStatus
    eventrecorder.o(.constdata) refers to eventrecorder.o(.bss.noinit) for EventBuffer
    startup_stm32f10x_md.o(STACK) refers (Special) to heapauxi.o(.text) for __use_two_region_memory
    startup_stm32f10x_md.o(HEAP) refers (Special) to heapauxi.o(.text) for __use_two_region_memory
    startup_stm32f10x_md.o(RESET) refers (Special) to heapauxi.o(.text) for __use_two_region_memory
    startup_stm32f10x_md.o(RESET) refers to startup_stm32f10x_md.o(STACK) for __initial_sp
    startup_stm32f10x_md.o(RESET) refers to startup_stm32f10x_md.o(.text) for Reset_Handler
    startup_stm32f10x_md.o(RESET) refers to rcc_config.o(i.SysTick_Handler) for SysTick_Handler
    startup_stm32f10x_md.o(RESET) refers to usart_uart_dma.o(i.DMA1_Channel6_IRQHandler) for DMA1_Channel6_IRQHandler
    startup_stm32f10x_md.o(RESET) refers to usart_uart_dma.o(i.DMA1_Channel7_IRQHandler) for DMA1_Channel7_IRQHandler
    startup_stm32f10x_md.o(RESET) refers to main.o(i.TIM1_UP_IRQHandler) for TIM1_UP_IRQHandler
    startup_stm32f10x_md.o(RESET) refers to usart_uart_dma.o(i.USART2_IRQHandler) for USART2_IRQHandler
    startup_stm32f10x_md.o(.text) refers (Special) to heapauxi.o(.text) for __use_two_region_memory
    startup_stm32f10x_md.o(.text) refers to __main.o(!!!main) for __main
    startup_stm32f10x_md.o(.text) refers to startup_stm32f10x_md.o(HEAP) for Heap_Mem
    startup_stm32f10x_md.o(.text) refers to startup_stm32f10x_md.o(STACK) for Stack_Mem
    system_stm32f10x.o(i.SetSysClock) refers to system_stm32f10x.o(i.SetSysClockTo72) for SetSysClockTo72
    system_stm32f10x.o(i.SystemCoreClockUpdate) refers to system_stm32f10x.o(.data) for SystemCoreClock
    system_stm32f10x.o(i.SystemInit) refers to system_stm32f10x.o(i.SetSysClock) for SetSysClock
    rt_memcpy_v6.o(.text) refers to rt_memcpy_w.o(.text) for __aeabi_memcpy4
    __main.o(!!!main) refers to __rtentry.o(.ARM.Collect$$rtentry$$00000000) for __rt_entry
    __rtentry.o(.ARM.Collect$$rtentry$$00000000) refers (Special) to __rtentry2.o(.ARM.Collect$$rtentry$$0000000A) for __rt_entry_li
    __rtentry.o(.ARM.Collect$$rtentry$$00000000) refers (Special) to __rtentry2.o(.ARM.Collect$$rtentry$$0000000D) for __rt_entry_main
    __rtentry.o(.ARM.Collect$$rtentry$$00000000) refers (Special) to __rtentry2.o(.ARM.Collect$$rtentry$$0000000C) for __rt_entry_postli_1
    __rtentry.o(.ARM.Collect$$rtentry$$00000000) refers (Special) to __rtentry2.o(.ARM.Collect$$rtentry$$00000009) for __rt_entry_postsh_1
    __rtentry.o(.ARM.Collect$$rtentry$$00000000) refers (Special) to __rtentry2.o(.ARM.Collect$$rtentry$$00000002) for __rt_entry_presh_1
    __rtentry.o(.ARM.Collect$$rtentry$$00000000) refers (Special) to __rtentry4.o(.ARM.Collect$$rtentry$$00000004) for __rt_entry_sh
    __rtentry2.o(.ARM.Collect$$rtentry$$00000008) refers to boardinit2.o(.text) for _platform_post_stackheap_init
    __rtentry2.o(.ARM.Collect$$rtentry$$0000000A) refers to libinit.o(.ARM.Collect$$libinit$$00000000) for __rt_lib_init
    __rtentry2.o(.ARM.Collect$$rtentry$$0000000B) refers to boardinit3.o(.text) for _platform_post_lib_init
    __rtentry2.o(.ARM.Collect$$rtentry$$0000000D) refers to main.o(i.main) for main
    __rtentry2.o(.ARM.Collect$$rtentry$$0000000D) refers to exit.o(.text) for exit
    __rtentry2.o(.ARM.exidx) refers to __rtentry2.o(.ARM.Collect$$rtentry$$00000001) for .ARM.Collect$$rtentry$$00000001
    __rtentry2.o(.ARM.exidx) refers to __rtentry2.o(.ARM.Collect$$rtentry$$00000008) for .ARM.Collect$$rtentry$$00000008
    __rtentry2.o(.ARM.exidx) refers to __rtentry2.o(.ARM.Collect$$rtentry$$0000000A) for .ARM.Collect$$rtentry$$0000000A
    __rtentry2.o(.ARM.exidx) refers to __rtentry2.o(.ARM.Collect$$rtentry$$0000000B) for .ARM.Collect$$rtentry$$0000000B
    __rtentry2.o(.ARM.exidx) refers to __rtentry2.o(.ARM.Collect$$rtentry$$0000000D) for .ARM.Collect$$rtentry$$0000000D
    __rtentry4.o(.ARM.Collect$$rtentry$$00000004) refers to sys_stackheap_outer.o(.text) for __user_setup_stackheap
    __rtentry4.o(.ARM.exidx) refers to __rtentry4.o(.ARM.Collect$$rtentry$$00000004) for .ARM.Collect$$rtentry$$00000004
    sys_stackheap_outer.o(.text) refers to libspace.o(.text) for __user_perproc_libspace
    sys_stackheap_outer.o(.text) refers to startup_stm32f10x_md.o(.text) for __user_initial_stackheap
    exit.o(.text) refers to rtexit.o(.ARM.Collect$$rtexit$$00000000) for __rt_exit
    libinit.o(.ARM.Collect$$libinit$$00000000) refers (Special) to libinit2.o(.ARM.Collect$$libinit$$0000002E) for __rt_lib_init_alloca_1
    libinit.o(.ARM.Collect$$libinit$$00000000) refers (Special) to libinit2.o(.ARM.Collect$$libinit$$0000002C) for __rt_lib_init_argv_1
    libinit.o(.ARM.Collect$$libinit$$00000000) refers (Special) to libinit2.o(.ARM.Collect$$libinit$$0000001B) for __rt_lib_init_atexit_1
    libinit.o(.ARM.Collect$$libinit$$00000000) refers (Special) to libinit2.o(.ARM.Collect$$libinit$$00000021) for __rt_lib_init_clock_1
    libinit.o(.ARM.Collect$$libinit$$00000000) refers (Special) to libinit2.o(.ARM.Collect$$libinit$$00000032) for __rt_lib_init_cpp_1
    libinit.o(.ARM.Collect$$libinit$$00000000) refers (Special) to libinit2.o(.ARM.Collect$$libinit$$00000030) for __rt_lib_init_exceptions_1
    libinit.o(.ARM.Collect$$libinit$$00000000) refers (Special) to libinit2.o(.ARM.Collect$$libinit$$00000002) for __rt_lib_init_fp_1
    libinit.o(.ARM.Collect$$libinit$$00000000) refers (Special) to libinit2.o(.ARM.Collect$$libinit$$0000001F) for __rt_lib_init_fp_trap_1
    libinit.o(.ARM.Collect$$libinit$$00000000) refers (Special) to libinit2.o(.ARM.Collect$$libinit$$00000023) for __rt_lib_init_getenv_1
    libinit.o(.ARM.Collect$$libinit$$00000000) refers (Special) to libinit2.o(.ARM.Collect$$libinit$$0000000A) for __rt_lib_init_heap_1
    libinit.o(.ARM.Collect$$libinit$$00000000) refers (Special) to libinit2.o(.ARM.Collect$$libinit$$00000011) for __rt_lib_init_lc_collate_1
    libinit.o(.ARM.Collect$$libinit$$00000000) refers (Special) to libinit2.o(.ARM.Collect$$libinit$$00000013) for __rt_lib_init_lc_ctype_1
    libinit.o(.ARM.Collect$$libinit$$00000000) refers (Special) to libinit2.o(.ARM.Collect$$libinit$$00000015) for __rt_lib_init_lc_monetary_1
    libinit.o(.ARM.Collect$$libinit$$00000000) refers (Special) to libinit2.o(.ARM.Collect$$libinit$$00000017) for __rt_lib_init_lc_numeric_1
    libinit.o(.ARM.Collect$$libinit$$00000000) refers (Special) to libinit2.o(.ARM.Collect$$libinit$$00000019) for __rt_lib_init_lc_time_1
    libinit.o(.ARM.Collect$$libinit$$00000000) refers (Special) to libinit2.o(.ARM.Collect$$libinit$$00000004) for __rt_lib_init_preinit_1
    libinit.o(.ARM.Collect$$libinit$$00000000) refers (Special) to libinit2.o(.ARM.Collect$$libinit$$0000000E) for __rt_lib_init_rand_1
    libinit.o(.ARM.Collect$$libinit$$00000000) refers (Special) to libinit2.o(.ARM.Collect$$libinit$$00000033) for __rt_lib_init_return
    libinit.o(.ARM.Collect$$libinit$$00000000) refers (Special) to libinit2.o(.ARM.Collect$$libinit$$0000001D) for __rt_lib_init_signal_1
    libinit.o(.ARM.Collect$$libinit$$00000000) refers (Special) to libinit2.o(.ARM.Collect$$libinit$$00000025) for __rt_lib_init_stdio_1
    libinit.o(.ARM.Collect$$libinit$$00000000) refers (Special) to libinit2.o(.ARM.Collect$$libinit$$0000000C) for __rt_lib_init_user_alloc_1
    libspace.o(.text) refers to libspace.o(.bss) for __libspace_start
    rtexit.o(.ARM.Collect$$rtexit$$00000000) refers (Special) to rtexit2.o(.ARM.Collect$$rtexit$$00000004) for __rt_exit_exit
    rtexit.o(.ARM.Collect$$rtexit$$00000000) refers (Special) to rtexit2.o(.ARM.Collect$$rtexit$$00000003) for __rt_exit_ls
    rtexit.o(.ARM.Collect$$rtexit$$00000000) refers (Special) to rtexit2.o(.ARM.Collect$$rtexit$$00000002) for __rt_exit_prels_1
    rtexit.o(.ARM.exidx) refers (Special) to rtexit2.o(.ARM.Collect$$rtexit$$00000004) for __rt_exit_exit
    rtexit.o(.ARM.exidx) refers (Special) to rtexit2.o(.ARM.Collect$$rtexit$$00000003) for __rt_exit_ls
    rtexit.o(.ARM.exidx) refers (Special) to rtexit2.o(.ARM.Collect$$rtexit$$00000002) for __rt_exit_prels_1
    rtexit.o(.ARM.exidx) refers to rtexit.o(.ARM.Collect$$rtexit$$00000000) for .ARM.Collect$$rtexit$$00000000
    libinit2.o(.ARM.Collect$$libinit$$00000010) refers to libinit2.o(.ARM.Collect$$libinit$$0000000F) for .ARM.Collect$$libinit$$0000000F
    libinit2.o(.ARM.Collect$$libinit$$00000012) refers to libinit2.o(.ARM.Collect$$libinit$$0000000F) for .ARM.Collect$$libinit$$0000000F
    libinit2.o(.ARM.Collect$$libinit$$00000014) refers to libinit2.o(.ARM.Collect$$libinit$$0000000F) for .ARM.Collect$$libinit$$0000000F
    libinit2.o(.ARM.Collect$$libinit$$00000016) refers to libinit2.o(.ARM.Collect$$libinit$$0000000F) for .ARM.Collect$$libinit$$0000000F
    libinit2.o(.ARM.Collect$$libinit$$00000018) refers to libinit2.o(.ARM.Collect$$libinit$$0000000F) for .ARM.Collect$$libinit$$0000000F
    libinit2.o(.ARM.Collect$$libinit$$00000026) refers to argv_veneer.o(.emb_text) for __ARM_argv_veneer
    libinit2.o(.ARM.Collect$$libinit$$00000027) refers to argv_veneer.o(.emb_text) for __ARM_argv_veneer
    rtexit2.o(.ARM.Collect$$rtexit$$00000003) refers to libshutdown.o(.ARM.Collect$$libshutdown$$00000000) for __rt_lib_shutdown
    rtexit2.o(.ARM.Collect$$rtexit$$00000004) refers to sys_exit.o(.text) for _sys_exit
    rtexit2.o(.ARM.exidx) refers to rtexit2.o(.ARM.Collect$$rtexit$$00000001) for .ARM.Collect$$rtexit$$00000001
    rtexit2.o(.ARM.exidx) refers to rtexit2.o(.ARM.Collect$$rtexit$$00000003) for .ARM.Collect$$rtexit$$00000003
    rtexit2.o(.ARM.exidx) refers to rtexit2.o(.ARM.Collect$$rtexit$$00000004) for .ARM.Collect$$rtexit$$00000004
    argv_veneer.o(.emb_text) refers to no_argv.o(.text) for __ARM_get_argv
    sys_exit.o(.text) refers (Special) to use_no_semi.o(.text) for __I$use$semihosting
    sys_exit.o(.text) refers (Special) to indicate_semi.o(.text) for __semihosting_library_function
    _get_argv_nomalloc.o(.text) refers (Special) to hrguard.o(.text) for __heap_region$guard
    _get_argv_nomalloc.o(.text) refers to defsig_rtmem_outer.o(.text) for __rt_SIGRTMEM
    _get_argv_nomalloc.o(.text) refers to sys_command.o(.text) for _sys_command_string
    libshutdown.o(.ARM.Collect$$libshutdown$$00000000) refers (Special) to libshutdown2.o(.ARM.Collect$$libshutdown$$00000004) for __rt_lib_shutdown_cpp_1
    libshutdown.o(.ARM.Collect$$libshutdown$$00000000) refers (Special) to libshutdown2.o(.ARM.Collect$$libshutdown$$00000002) for __rt_lib_shutdown_fini_1
    libshutdown.o(.ARM.Collect$$libshutdown$$00000000) refers (Special) to libshutdown2.o(.ARM.Collect$$libshutdown$$00000009) for __rt_lib_shutdown_fp_trap_1
    libshutdown.o(.ARM.Collect$$libshutdown$$00000000) refers (Special) to libshutdown2.o(.ARM.Collect$$libshutdown$$00000011) for __rt_lib_shutdown_heap_1
    libshutdown.o(.ARM.Collect$$libshutdown$$00000000) refers (Special) to libshutdown2.o(.ARM.Collect$$libshutdown$$00000012) for __rt_lib_shutdown_return
    libshutdown.o(.ARM.Collect$$libshutdown$$00000000) refers (Special) to libshutdown2.o(.ARM.Collect$$libshutdown$$0000000C) for __rt_lib_shutdown_signal_1
    libshutdown.o(.ARM.Collect$$libshutdown$$00000000) refers (Special) to libshutdown2.o(.ARM.Collect$$libshutdown$$00000006) for __rt_lib_shutdown_stdio_1
    libshutdown.o(.ARM.Collect$$libshutdown$$00000000) refers (Special) to libshutdown2.o(.ARM.Collect$$libshutdown$$0000000E) for __rt_lib_shutdown_user_alloc_1
    sys_command.o(.text) refers (Special) to use_no_semi.o(.text) for __I$use$semihosting
    sys_command.o(.text) refers (Special) to indicate_semi.o(.text) for __semihosting_library_function
    defsig_rtmem_outer.o(.text) refers to defsig_rtmem_inner.o(.text) for __rt_SIGRTMEM_inner
    defsig_rtmem_outer.o(.text) refers to defsig_exit.o(.text) for __sig_exit
    defsig_rtmem_formal.o(.text) refers to rt_raise.o(.text) for __rt_raise
    rt_raise.o(.text) refers to __raise.o(.text) for __raise
    rt_raise.o(.text) refers to sys_exit.o(.text) for _sys_exit
    defsig_exit.o(.text) refers to sys_exit.o(.text) for _sys_exit
    defsig_rtmem_inner.o(.text) refers to defsig_general.o(.text) for __default_signal_display
    __raise.o(.text) refers to defsig.o(CL$$defsig) for __default_signal_handler
    defsig_general.o(.text) refers to sys_wrch.o(.text) for _ttywrch
    sys_wrch.o(.text) refers (Special) to use_no_semi.o(.text) for __I$use$semihosting
    sys_wrch.o(.text) refers (Special) to indicate_semi.o(.text) for __semihosting_library_function
    defsig.o(CL$$defsig) refers to defsig_rtmem_inner.o(.text) for __rt_SIGRTMEM_inner
    defsig_abrt_inner.o(.text) refers to defsig_general.o(.text) for __default_signal_display
    defsig_fpe_inner.o(.text) refers to defsig_general.o(.text) for __default_signal_display
    defsig_rtred_inner.o(.text) refers to defsig_general.o(.text) for __default_signal_display
    defsig_stak_inner.o(.text) refers to defsig_general.o(.text) for __default_signal_display
    defsig_pvfn_inner.o(.text) refers to defsig_general.o(.text) for __default_signal_display
    defsig_cppl_inner.o(.text) refers to defsig_general.o(.text) for __default_signal_display
    defsig_segv_inner.o(.text) refers to defsig_general.o(.text) for __default_signal_display
    defsig_other.o(.text) refers to defsig_general.o(.text) for __default_signal_display


==============================================================================

Removing Unused input sections from the image.

    Removing main.o(.rev16_text), (4 bytes).
    Removing main.o(.revsh_text), (4 bytes).
    Removing main.o(.rrx_text), (6 bytes).
    Removing usart_uart_dma.o(.rev16_text), (4 bytes).
    Removing usart_uart_dma.o(.revsh_text), (4 bytes).
    Removing usart_uart_dma.o(.rrx_text), (6 bytes).
    Removing rcc_config.o(.rev16_text), (4 bytes).
    Removing rcc_config.o(.revsh_text), (4 bytes).
    Removing rcc_config.o(.rrx_text), (6 bytes).
    Removing gpio_fun.o(.rev16_text), (4 bytes).
    Removing gpio_fun.o(.revsh_text), (4 bytes).
    Removing gpio_fun.o(.rrx_text), (6 bytes).
    Removing gpio_fun.o(i.tooglePIN), (20 bytes).
    Removing eventrecorder.o(.rev16_text), (4 bytes).
    Removing eventrecorder.o(.revsh_text), (4 bytes).
    Removing eventrecorder.o(.rrx_text), (6 bytes).
    Removing eventrecorder.o(.emb_text), (116 bytes).
    Removing eventrecorder.o(i.EventCheckFilter), (40 bytes).
    Removing eventrecorder.o(i.EventGetTS), (60 bytes).
    Removing eventrecorder.o(i.EventRecord2), (70 bytes).
    Removing eventrecorder.o(i.EventRecord4), (118 bytes).
    Removing eventrecorder.o(i.EventRecordData), (278 bytes).
    Removing eventrecorder.o(i.EventRecordItem), (216 bytes).
    Removing eventrecorder.o(i.EventRecorderClockUpdate), (44 bytes).
    Removing eventrecorder.o(i.EventRecorderDisable), (92 bytes).
    Removing eventrecorder.o(i.EventRecorderEnable), (92 bytes).
    Removing eventrecorder.o(i.EventRecorderInitialize), (296 bytes).
    Removing eventrecorder.o(i.EventRecorderStart), (48 bytes).
    Removing eventrecorder.o(i.EventRecorderStop), (48 bytes).
    Removing eventrecorder.o(i.EventRecorderTimerGetCount), (12 bytes).
    Removing eventrecorder.o(i.EventRecorderTimerGetFreq), (12 bytes).
    Removing eventrecorder.o(i.EventRecorderTimerSetup), (36 bytes).
    Removing eventrecorder.o(i.GetContext), (16 bytes).
    Removing eventrecorder.o(i.crc16_ccitt), (66 bytes).
    Removing system_stm32f10x.o(.rev16_text), (4 bytes).
    Removing system_stm32f10x.o(.revsh_text), (4 bytes).
    Removing system_stm32f10x.o(.rrx_text), (6 bytes).
    Removing system_stm32f10x.o(i.SetSysClock), (8 bytes).
    Removing system_stm32f10x.o(i.SetSysClockTo72), (224 bytes).
    Removing system_stm32f10x.o(i.SystemCoreClockUpdate), (164 bytes).
    Removing system_stm32f10x.o(i.SystemInit), (96 bytes).
    Removing system_stm32f10x.o(.data), (20 bytes).

42 unused section(s) (total 2276 bytes) removed from the image.

==============================================================================

Adding Veneers to the image

    Adding TT veneer (10 bytes, Long) for call to 'TIM1_Cnf' from main.o(i.main).

1 Veneer(s) (total 10 bytes) added to the image.

==============================================================================

Image Symbol Table

    Local Symbols

    Symbol Name                              Value     Ov Type        Size  Object(Section)

    ../clib/angel/boardlib.s                 0x00000000   Number         0  boardinit1.o ABSOLUTE
    ../clib/angel/boardlib.s                 0x00000000   Number         0  boardshut.o ABSOLUTE
    ../clib/angel/boardlib.s                 0x00000000   Number         0  boardinit2.o ABSOLUTE
    ../clib/angel/boardlib.s                 0x00000000   Number         0  boardinit3.o ABSOLUTE
    ../clib/angel/dczerorl.s                 0x00000000   Number         0  __dczerorl.o ABSOLUTE
    ../clib/angel/handlers.s                 0x00000000   Number         0  __scatter_zi.o ABSOLUTE
    ../clib/angel/handlers.s                 0x00000000   Number         0  __scatter_copy.o ABSOLUTE
    ../clib/angel/kernel.s                   0x00000000   Number         0  rtexit2.o ABSOLUTE
    ../clib/angel/kernel.s                   0x00000000   Number         0  __rtentry.o ABSOLUTE
    ../clib/angel/kernel.s                   0x00000000   Number         0  rtexit.o ABSOLUTE
    ../clib/angel/kernel.s                   0x00000000   Number         0  __rtentry2.o ABSOLUTE
    ../clib/angel/kernel.s                   0x00000000   Number         0  __rtentry4.o ABSOLUTE
    ../clib/angel/rt.s                       0x00000000   Number         0  rt_raise.o ABSOLUTE
    ../clib/angel/scatter.s                  0x00000000   Number         0  __scatter.o ABSOLUTE
    ../clib/angel/startup.s                  0x00000000   Number         0  __main.o ABSOLUTE
    ../clib/angel/sys.s                      0x00000000   Number         0  sys_stackheap_outer.o ABSOLUTE
    ../clib/angel/sys.s                      0x00000000   Number         0  use_no_semi.o ABSOLUTE
    ../clib/angel/sys.s                      0x00000000   Number         0  indicate_semi.o ABSOLUTE
    ../clib/angel/sys.s                      0x00000000   Number         0  libspace.o ABSOLUTE
    ../clib/angel/sysapp.c                   0x00000000   Number         0  sys_command.o ABSOLUTE
    ../clib/angel/sysapp.c                   0x00000000   Number         0  sys_wrch.o ABSOLUTE
    ../clib/angel/sysapp.c                   0x00000000   Number         0  sys_exit.o ABSOLUTE
    ../clib/armsys.c                         0x00000000   Number         0  no_argv.o ABSOLUTE
    ../clib/armsys.c                         0x00000000   Number         0  argv_veneer.o ABSOLUTE
    ../clib/armsys.c                         0x00000000   Number         0  argv_veneer.o ABSOLUTE
    ../clib/armsys.c                         0x00000000   Number         0  _get_argv_nomalloc.o ABSOLUTE
    ../clib/heapalloc.c                      0x00000000   Number         0  hrguard.o ABSOLUTE
    ../clib/heapaux.c                        0x00000000   Number         0  heapauxi.o ABSOLUTE
    ../clib/libinit.s                        0x00000000   Number         0  libinit2.o ABSOLUTE
    ../clib/libinit.s                        0x00000000   Number         0  libshutdown.o ABSOLUTE
    ../clib/libinit.s                        0x00000000   Number         0  libinit.o ABSOLUTE
    ../clib/libinit.s                        0x00000000   Number         0  libshutdown2.o ABSOLUTE
    ../clib/memcpset.s                       0x00000000   Number         0  rt_memclr_w.o ABSOLUTE
    ../clib/memcpset.s                       0x00000000   Number         0  rt_memcpy_v6.o ABSOLUTE
    ../clib/memcpset.s                       0x00000000   Number         0  rt_memcpy_w.o ABSOLUTE
    ../clib/signal.c                         0x00000000   Number         0  defsig_general.o ABSOLUTE
    ../clib/signal.c                         0x00000000   Number         0  __raise.o ABSOLUTE
    ../clib/signal.c                         0x00000000   Number         0  defsig_exit.o ABSOLUTE
    ../clib/signal.c                         0x00000000   Number         0  defsig_rtmem_formal.o ABSOLUTE
    ../clib/signal.c                         0x00000000   Number         0  defsig_rtmem_outer.o ABSOLUTE
    ../clib/signal.c                         0x00000000   Number         0  defsig_rtmem_inner.o ABSOLUTE
    ../clib/signal.c                         0x00000000   Number         0  defsig_other.o ABSOLUTE
    ../clib/signal.c                         0x00000000   Number         0  defsig_segv_inner.o ABSOLUTE
    ../clib/signal.c                         0x00000000   Number         0  defsig_cppl_inner.o ABSOLUTE
    ../clib/signal.c                         0x00000000   Number         0  defsig_pvfn_inner.o ABSOLUTE
    ../clib/signal.c                         0x00000000   Number         0  defsig_stak_inner.o ABSOLUTE
    ../clib/signal.c                         0x00000000   Number         0  defsig_rtred_inner.o ABSOLUTE
    ../clib/signal.c                         0x00000000   Number         0  defsig_fpe_inner.o ABSOLUTE
    ../clib/signal.c                         0x00000000   Number         0  defsig_abrt_inner.o ABSOLUTE
    ../clib/signal.s                         0x00000000   Number         0  defsig.o ABSOLUTE
    ../clib/stdlib.c                         0x00000000   Number         0  exit.o ABSOLUTE
    ../fplib/fpinit.s                        0x00000000   Number         0  fpinit.o ABSOLUTE
    E:\KeilPacks\Keil\ARM_Compiler\1.6.3\Source\EventRecorder.c 0x00000000   Number         0  eventrecorder.o ABSOLUTE
    E:\\KeilPacks\\Keil\\ARM_Compiler\\1.6.3\\Source\\EventRecorder.c 0x00000000   Number         0  eventrecorder.o ABSOLUTE
    GPIO_fun.c                               0x00000000   Number         0  gpio_fun.o ABSOLUTE
    GPIO_fun.c                               0x00000000   Number         0  gpio_fun.o ABSOLUTE
    RCC_Config.c                             0x00000000   Number         0  rcc_config.o ABSOLUTE
    RCC_Config.c                             0x00000000   Number         0  rcc_config.o ABSOLUTE
    RTE\Device\STM32F103RB\startup_stm32f10x_md.s 0x00000000   Number         0  startup_stm32f10x_md.o ABSOLUTE
    RTE\Device\STM32F103RB\system_stm32f10x.c 0x00000000   Number         0  system_stm32f10x.o ABSOLUTE
    RTE\\Device\\STM32F103RB\\system_stm32f10x.c 0x00000000   Number         0  system_stm32f10x.o ABSOLUTE
    USART_UART_DMA.c                         0x00000000   Number         0  usart_uart_dma.o ABSOLUTE
    USART_UART_DMA.c                         0x00000000   Number         0  usart_uart_dma.o ABSOLUTE
    dc.s                                     0x00000000   Number         0  dc.o ABSOLUTE
    main.c                                   0x00000000   Number         0  main.o ABSOLUTE
    main.c                                   0x00000000   Number         0  main.o ABSOLUTE
    RESET                                    0x08000000   Section      236  startup_stm32f10x_md.o(RESET)
    !!!main                                  0x080000ec   Section        8  __main.o(!!!main)
    !!!scatter                               0x080000f4   Section       52  __scatter.o(!!!scatter)
    !!dczerorl                               0x08000128   Section       58  __dczerorl.o(!!dczerorl)
    !!handler_copy                           0x08000164   Section       26  __scatter_copy.o(!!handler_copy)
    !!handler_zi                             0x08000180   Section       28  __scatter_zi.o(!!handler_zi)
    .ARM.Collect$$libinit$$00000000          0x0800019c   Section        2  libinit.o(.ARM.Collect$$libinit$$00000000)
    .ARM.Collect$$libinit$$00000002          0x0800019e   Section        0  libinit2.o(.ARM.Collect$$libinit$$00000002)
    .ARM.Collect$$libinit$$00000004          0x0800019e   Section        0  libinit2.o(.ARM.Collect$$libinit$$00000004)
    .ARM.Collect$$libinit$$0000000A          0x0800019e   Section        0  libinit2.o(.ARM.Collect$$libinit$$0000000A)
    .ARM.Collect$$libinit$$0000000C          0x0800019e   Section        0  libinit2.o(.ARM.Collect$$libinit$$0000000C)
    .ARM.Collect$$libinit$$0000000E          0x0800019e   Section        0  libinit2.o(.ARM.Collect$$libinit$$0000000E)
    .ARM.Collect$$libinit$$00000011          0x0800019e   Section        0  libinit2.o(.ARM.Collect$$libinit$$00000011)
    .ARM.Collect$$libinit$$00000013          0x0800019e   Section        0  libinit2.o(.ARM.Collect$$libinit$$00000013)
    .ARM.Collect$$libinit$$00000015          0x0800019e   Section        0  libinit2.o(.ARM.Collect$$libinit$$00000015)
    .ARM.Collect$$libinit$$00000017          0x0800019e   Section        0  libinit2.o(.ARM.Collect$$libinit$$00000017)
    .ARM.Collect$$libinit$$00000019          0x0800019e   Section        0  libinit2.o(.ARM.Collect$$libinit$$00000019)
    .ARM.Collect$$libinit$$0000001B          0x0800019e   Section        0  libinit2.o(.ARM.Collect$$libinit$$0000001B)
    .ARM.Collect$$libinit$$0000001D          0x0800019e   Section        0  libinit2.o(.ARM.Collect$$libinit$$0000001D)
    .ARM.Collect$$libinit$$0000001F          0x0800019e   Section        0  libinit2.o(.ARM.Collect$$libinit$$0000001F)
    .ARM.Collect$$libinit$$00000021          0x0800019e   Section        0  libinit2.o(.ARM.Collect$$libinit$$00000021)
    .ARM.Collect$$libinit$$00000023          0x0800019e   Section        0  libinit2.o(.ARM.Collect$$libinit$$00000023)
    .ARM.Collect$$libinit$$00000025          0x0800019e   Section        0  libinit2.o(.ARM.Collect$$libinit$$00000025)
    .ARM.Collect$$libinit$$0000002C          0x0800019e   Section        0  libinit2.o(.ARM.Collect$$libinit$$0000002C)
    .ARM.Collect$$libinit$$0000002E          0x0800019e   Section        0  libinit2.o(.ARM.Collect$$libinit$$0000002E)
    .ARM.Collect$$libinit$$00000030          0x0800019e   Section        0  libinit2.o(.ARM.Collect$$libinit$$00000030)
    .ARM.Collect$$libinit$$00000032          0x0800019e   Section        0  libinit2.o(.ARM.Collect$$libinit$$00000032)
    .ARM.Collect$$libinit$$00000033          0x0800019e   Section        2  libinit2.o(.ARM.Collect$$libinit$$00000033)
    .ARM.Collect$$libshutdown$$00000000      0x080001a0   Section        2  libshutdown.o(.ARM.Collect$$libshutdown$$00000000)
    .ARM.Collect$$libshutdown$$00000002      0x080001a2   Section        0  libshutdown2.o(.ARM.Collect$$libshutdown$$00000002)
    .ARM.Collect$$libshutdown$$00000004      0x080001a2   Section        0  libshutdown2.o(.ARM.Collect$$libshutdown$$00000004)
    .ARM.Collect$$libshutdown$$00000006      0x080001a2   Section        0  libshutdown2.o(.ARM.Collect$$libshutdown$$00000006)
    .ARM.Collect$$libshutdown$$00000009      0x080001a2   Section        0  libshutdown2.o(.ARM.Collect$$libshutdown$$00000009)
    .ARM.Collect$$libshutdown$$0000000C      0x080001a2   Section        0  libshutdown2.o(.ARM.Collect$$libshutdown$$0000000C)
    .ARM.Collect$$libshutdown$$0000000E      0x080001a2   Section        0  libshutdown2.o(.ARM.Collect$$libshutdown$$0000000E)
    .ARM.Collect$$libshutdown$$00000011      0x080001a2   Section        0  libshutdown2.o(.ARM.Collect$$libshutdown$$00000011)
    .ARM.Collect$$libshutdown$$00000012      0x080001a2   Section        2  libshutdown2.o(.ARM.Collect$$libshutdown$$00000012)
    .ARM.Collect$$rtentry$$00000000          0x080001a4   Section        0  __rtentry.o(.ARM.Collect$$rtentry$$00000000)
    .ARM.Collect$$rtentry$$00000002          0x080001a4   Section        0  __rtentry2.o(.ARM.Collect$$rtentry$$00000002)
    .ARM.Collect$$rtentry$$00000004          0x080001a4   Section        6  __rtentry4.o(.ARM.Collect$$rtentry$$00000004)
    .ARM.Collect$$rtentry$$00000009          0x080001aa   Section        0  __rtentry2.o(.ARM.Collect$$rtentry$$00000009)
    .ARM.Collect$$rtentry$$0000000A          0x080001aa   Section        4  __rtentry2.o(.ARM.Collect$$rtentry$$0000000A)
    .ARM.Collect$$rtentry$$0000000C          0x080001ae   Section        0  __rtentry2.o(.ARM.Collect$$rtentry$$0000000C)
    .ARM.Collect$$rtentry$$0000000D          0x080001ae   Section        8  __rtentry2.o(.ARM.Collect$$rtentry$$0000000D)
    .ARM.Collect$$rtexit$$00000000           0x080001b6   Section        2  rtexit.o(.ARM.Collect$$rtexit$$00000000)
    .ARM.Collect$$rtexit$$00000002           0x080001b8   Section        0  rtexit2.o(.ARM.Collect$$rtexit$$00000002)
    .ARM.Collect$$rtexit$$00000003           0x080001b8   Section        4  rtexit2.o(.ARM.Collect$$rtexit$$00000003)
    .ARM.Collect$$rtexit$$00000004           0x080001bc   Section        6  rtexit2.o(.ARM.Collect$$rtexit$$00000004)
    .text                                    0x080001c4   Section       56  startup_stm32f10x_md.o(.text)
    .text                                    0x080001fc   Section        0  heapauxi.o(.text)
    .text                                    0x08000202   Section       74  sys_stackheap_outer.o(.text)
    .text                                    0x0800024c   Section        0  exit.o(.text)
    .text                                    0x08000260   Section        8  libspace.o(.text)
    .text                                    0x08000268   Section        0  sys_exit.o(.text)
    .text                                    0x08000274   Section        2  use_no_semi.o(.text)
    .text                                    0x08000276   Section        0  indicate_semi.o(.text)
    i.DMA1_Channel6_IRQHandler               0x08000280   Section        0  usart_uart_dma.o(i.DMA1_Channel6_IRQHandler)
    i.DMA1_Channel7_IRQHandler               0x080002a4   Section        0  usart_uart_dma.o(i.DMA1_Channel7_IRQHandler)
    i.ECHO_UART                              0x080002bc   Section        0  usart_uart_dma.o(i.ECHO_UART)
    ECHO_UART                                0x080002bd   Thumb Code    88  usart_uart_dma.o(i.ECHO_UART)
    i.End_Rec                                0x08000334   Section        0  usart_uart_dma.o(i.End_Rec)
    End_Rec                                  0x08000335   Thumb Code    38  usart_uart_dma.o(i.End_Rec)
    i.GPIO_Pin_Cfg                           0x08000364   Section        0  gpio_fun.o(i.GPIO_Pin_Cfg)
    i.PLL_Config64MHZ                        0x08000404   Section        0  rcc_config.o(i.PLL_Config64MHZ)
    i.SysTick_Handler                        0x080004ac   Section        0  rcc_config.o(i.SysTick_Handler)
    i.TIM1_UP_IRQHandler                     0x080004bc   Section        0  main.o(i.TIM1_UP_IRQHandler)
    i.TUART_DMA_Receive                      0x080004e4   Section        0  usart_uart_dma.o(i.TUART_DMA_Receive)
    i.TUART_DMA_Trasmit                      0x08000558   Section        0  usart_uart_dma.o(i.TUART_DMA_Trasmit)
    i.USART2_IRQHandler                      0x08000588   Section        0  usart_uart_dma.o(i.USART2_IRQHandler)
    i.USART_CallBack                         0x08000598   Section        0  usart_uart_dma.o(i.USART_CallBack)
    USART_CallBack                           0x08000599   Thumb Code    40  usart_uart_dma.o(i.USART_CallBack)
    i.USART_Init                             0x080005c0   Section        0  usart_uart_dma.o(i.USART_Init)
    i.USART_Tr_DMA_CNGG                      0x080005e4   Section        0  usart_uart_dma.o(i.USART_Tr_DMA_CNGG)
    USART_Tr_DMA_CNGG                        0x080005e5   Thumb Code   100  usart_uart_dma.o(i.USART_Tr_DMA_CNGG)
    i.USARTx_DMA_Config                      0x08000650   Section        0  usart_uart_dma.o(i.USARTx_DMA_Config)
    i.__NVIC_EnableIRQ                       0x080006d4   Section        0  usart_uart_dma.o(i.__NVIC_EnableIRQ)
    __NVIC_EnableIRQ                         0x080006d5   Thumb Code    34  usart_uart_dma.o(i.__NVIC_EnableIRQ)
    i.main                                   0x080006f8   Section        0  main.o(i.main)
    .constdata                               0x08000844   Section        7  usart_uart_dma.o(.constdata)
    CHANNEL_OFFSET_TAB                       0x08000844   Data           7  usart_uart_dma.o(.constdata)
    .constdata                               0x0800084c   Section       24  eventrecorder.o(.constdata)
    __tagsym$$used                           0x0800084c   Number         0  eventrecorder.o(.constdata)
    .conststring                             0x08000864   Section      706  main.o(.conststring)
    RAMCODE                                  0x20000000   Section        0  main.o(RAMCODE)
    .data                                    0x2000006c   Section     1659  main.o(.data)
    .data                                    0x200006e8   Section        4  rcc_config.o(.data)
    .bss                                     0x200006ec   Section       44  main.o(.bss)
    .bss                                     0x20000718   Section       96  libspace.o(.bss)
    .bss.noinit                              0x20000780   Section     1188  eventrecorder.o(.bss.noinit)
    EventBuffer                              0x20000780   Data        1024  eventrecorder.o(.bss.noinit)
    EventFilter                              0x20000b80   Data         128  eventrecorder.o(.bss.noinit)
    EventStatus                              0x20000c00   Data          36  eventrecorder.o(.bss.noinit)
    HEAP                                     0x20000c28   Section      512  startup_stm32f10x_md.o(HEAP)
    Heap_Mem                                 0x20000c28   Data         512  startup_stm32f10x_md.o(HEAP)
    STACK                                    0x20000e28   Section     1024  startup_stm32f10x_md.o(STACK)
    Stack_Mem                                0x20000e28   Data        1024  startup_stm32f10x_md.o(STACK)
    __initial_sp                             0x20001228   Data           0  startup_stm32f10x_md.o(STACK)

    Global Symbols

    Symbol Name                              Value     Ov Type        Size  Object(Section)

    BuildAttributes$$THM_ISAv4$P$D$K$B$S$PE$A:L22UL41UL21$X:L11$S22US41US21$IEEE1$IW$USESV6$~STKCKD$USESV7$~SHL$OSPACE$ROPI$EBA8$UX$STANDARDLIB$REQ8$PRES8$EABIv2 0x00000000   Number         0  anon$$obj.o ABSOLUTE
    __ARM_use_no_argv                        0x00000000   Number         0  main.o ABSOLUTE
    __ARM_exceptions_init                     - Undefined Weak Reference
    __alloca_initialize                       - Undefined Weak Reference
    __arm_fini_                               - Undefined Weak Reference
    __arm_preinit_                            - Undefined Weak Reference
    __cpp_initialize__aeabi_                  - Undefined Weak Reference
    __cxa_finalize                            - Undefined Weak Reference
    __rt_locale                               - Undefined Weak Reference
    __sigvec_lookup                           - Undefined Weak Reference
    _atexit_init                              - Undefined Weak Reference
    _call_atexit_fns                          - Undefined Weak Reference
    _clock_init                               - Undefined Weak Reference
    _fp_trap_init                             - Undefined Weak Reference
    _fp_trap_shutdown                         - Undefined Weak Reference
    _get_lc_collate                           - Undefined Weak Reference
    _get_lc_ctype                             - Undefined Weak Reference
    _get_lc_monetary                          - Undefined Weak Reference
    _get_lc_numeric                           - Undefined Weak Reference
    _get_lc_time                              - Undefined Weak Reference
    _getenv_init                              - Undefined Weak Reference
    _handle_redirection                       - Undefined Weak Reference
    _init_alloc                               - Undefined Weak Reference
    _init_user_alloc                          - Undefined Weak Reference
    _initio                                   - Undefined Weak Reference
    _rand_init                                - Undefined Weak Reference
    _signal_finish                            - Undefined Weak Reference
    _signal_init                              - Undefined Weak Reference
    _terminate_alloc                          - Undefined Weak Reference
    _terminate_user_alloc                     - Undefined Weak Reference
    _terminateio                              - Undefined Weak Reference
    __Vectors_Size                           0x000000ec   Number         0  startup_stm32f10x_md.o ABSOLUTE
    __Vectors                                0x08000000   Data           4  startup_stm32f10x_md.o(RESET)
    __Vectors_End                            0x080000ec   Data           0  startup_stm32f10x_md.o(RESET)
    __main                                   0x080000ed   Thumb Code     8  __main.o(!!!main)
    __scatterload                            0x080000f5   Thumb Code     0  __scatter.o(!!!scatter)
    __scatterload_rt2                        0x080000f5   Thumb Code    44  __scatter.o(!!!scatter)
    __scatterload_rt2_thumb_only             0x080000f5   Thumb Code     0  __scatter.o(!!!scatter)
    __scatterload_null                       0x08000103   Thumb Code     0  __scatter.o(!!!scatter)
    __decompress                             0x08000129   Thumb Code    58  __dczerorl.o(!!dczerorl)
    __decompress0                            0x08000129   Thumb Code     0  __dczerorl.o(!!dczerorl)
    __scatterload_copy                       0x08000165   Thumb Code    26  __scatter_copy.o(!!handler_copy)
    __scatterload_zeroinit                   0x08000181   Thumb Code    28  __scatter_zi.o(!!handler_zi)
    __rt_lib_init                            0x0800019d   Thumb Code     0  libinit.o(.ARM.Collect$$libinit$$00000000)
    __rt_lib_init_alloca_1                   0x0800019f   Thumb Code     0  libinit2.o(.ARM.Collect$$libinit$$0000002E)
    __rt_lib_init_argv_1                     0x0800019f   Thumb Code     0  libinit2.o(.ARM.Collect$$libinit$$0000002C)
    __rt_lib_init_atexit_1                   0x0800019f   Thumb Code     0  libinit2.o(.ARM.Collect$$libinit$$0000001B)
    __rt_lib_init_clock_1                    0x0800019f   Thumb Code     0  libinit2.o(.ARM.Collect$$libinit$$00000021)
    __rt_lib_init_cpp_1                      0x0800019f   Thumb Code     0  libinit2.o(.ARM.Collect$$libinit$$00000032)
    __rt_lib_init_exceptions_1               0x0800019f   Thumb Code     0  libinit2.o(.ARM.Collect$$libinit$$00000030)
    __rt_lib_init_fp_1                       0x0800019f   Thumb Code     0  libinit2.o(.ARM.Collect$$libinit$$00000002)
    __rt_lib_init_fp_trap_1                  0x0800019f   Thumb Code     0  libinit2.o(.ARM.Collect$$libinit$$0000001F)
    __rt_lib_init_getenv_1                   0x0800019f   Thumb Code     0  libinit2.o(.ARM.Collect$$libinit$$00000023)
    __rt_lib_init_heap_1                     0x0800019f   Thumb Code     0  libinit2.o(.ARM.Collect$$libinit$$0000000A)
    __rt_lib_init_lc_collate_1               0x0800019f   Thumb Code     0  libinit2.o(.ARM.Collect$$libinit$$00000011)
    __rt_lib_init_lc_ctype_1                 0x0800019f   Thumb Code     0  libinit2.o(.ARM.Collect$$libinit$$00000013)
    __rt_lib_init_lc_monetary_1              0x0800019f   Thumb Code     0  libinit2.o(.ARM.Collect$$libinit$$00000015)
    __rt_lib_init_lc_numeric_1               0x0800019f   Thumb Code     0  libinit2.o(.ARM.Collect$$libinit$$00000017)
    __rt_lib_init_lc_time_1                  0x0800019f   Thumb Code     0  libinit2.o(.ARM.Collect$$libinit$$00000019)
    __rt_lib_init_preinit_1                  0x0800019f   Thumb Code     0  libinit2.o(.ARM.Collect$$libinit$$00000004)
    __rt_lib_init_rand_1                     0x0800019f   Thumb Code     0  libinit2.o(.ARM.Collect$$libinit$$0000000E)
    __rt_lib_init_return                     0x0800019f   Thumb Code     0  libinit2.o(.ARM.Collect$$libinit$$00000033)
    __rt_lib_init_signal_1                   0x0800019f   Thumb Code     0  libinit2.o(.ARM.Collect$$libinit$$0000001D)
    __rt_lib_init_stdio_1                    0x0800019f   Thumb Code     0  libinit2.o(.ARM.Collect$$libinit$$00000025)
    __rt_lib_init_user_alloc_1               0x0800019f   Thumb Code     0  libinit2.o(.ARM.Collect$$libinit$$0000000C)
    __rt_lib_shutdown                        0x080001a1   Thumb Code     0  libshutdown.o(.ARM.Collect$$libshutdown$$00000000)
    __rt_lib_shutdown_cpp_1                  0x080001a3   Thumb Code     0  libshutdown2.o(.ARM.Collect$$libshutdown$$00000004)
    __rt_lib_shutdown_fini_1                 0x080001a3   Thumb Code     0  libshutdown2.o(.ARM.Collect$$libshutdown$$00000002)
    __rt_lib_shutdown_fp_trap_1              0x080001a3   Thumb Code     0  libshutdown2.o(.ARM.Collect$$libshutdown$$00000009)
    __rt_lib_shutdown_heap_1                 0x080001a3   Thumb Code     0  libshutdown2.o(.ARM.Collect$$libshutdown$$00000011)
    __rt_lib_shutdown_return                 0x080001a3   Thumb Code     0  libshutdown2.o(.ARM.Collect$$libshutdown$$00000012)
    __rt_lib_shutdown_signal_1               0x080001a3   Thumb Code     0  libshutdown2.o(.ARM.Collect$$libshutdown$$0000000C)
    __rt_lib_shutdown_stdio_1                0x080001a3   Thumb Code     0  libshutdown2.o(.ARM.Collect$$libshutdown$$00000006)
    __rt_lib_shutdown_user_alloc_1           0x080001a3   Thumb Code     0  libshutdown2.o(.ARM.Collect$$libshutdown$$0000000E)
    __rt_entry                               0x080001a5   Thumb Code     0  __rtentry.o(.ARM.Collect$$rtentry$$00000000)
    __rt_entry_presh_1                       0x080001a5   Thumb Code     0  __rtentry2.o(.ARM.Collect$$rtentry$$00000002)
    __rt_entry_sh                            0x080001a5   Thumb Code     0  __rtentry4.o(.ARM.Collect$$rtentry$$00000004)
    __rt_entry_li                            0x080001ab   Thumb Code     0  __rtentry2.o(.ARM.Collect$$rtentry$$0000000A)
    __rt_entry_postsh_1                      0x080001ab   Thumb Code     0  __rtentry2.o(.ARM.Collect$$rtentry$$00000009)
    __rt_entry_main                          0x080001af   Thumb Code     0  __rtentry2.o(.ARM.Collect$$rtentry$$0000000D)
    __rt_entry_postli_1                      0x080001af   Thumb Code     0  __rtentry2.o(.ARM.Collect$$rtentry$$0000000C)
    __rt_exit                                0x080001b7   Thumb Code     0  rtexit.o(.ARM.Collect$$rtexit$$00000000)
    __rt_exit_ls                             0x080001b9   Thumb Code     0  rtexit2.o(.ARM.Collect$$rtexit$$00000003)
    __rt_exit_prels_1                        0x080001b9   Thumb Code     0  rtexit2.o(.ARM.Collect$$rtexit$$00000002)
    __rt_exit_exit                           0x080001bd   Thumb Code     0  rtexit2.o(.ARM.Collect$$rtexit$$00000004)
    Reset_Handler                            0x080001c5   Thumb Code     4  startup_stm32f10x_md.o(.text)
    NMI_Handler                              0x080001c9   Thumb Code     2  startup_stm32f10x_md.o(.text)
    HardFault_Handler                        0x080001cb   Thumb Code     2  startup_stm32f10x_md.o(.text)
    MemManage_Handler                        0x080001cd   Thumb Code     2  startup_stm32f10x_md.o(.text)
    BusFault_Handler                         0x080001cf   Thumb Code     2  startup_stm32f10x_md.o(.text)
    UsageFault_Handler                       0x080001d1   Thumb Code     2  startup_stm32f10x_md.o(.text)
    SVC_Handler                              0x080001d3   Thumb Code     2  startup_stm32f10x_md.o(.text)
    DebugMon_Handler                         0x080001d5   Thumb Code     2  startup_stm32f10x_md.o(.text)
    PendSV_Handler                           0x080001d7   Thumb Code     2  startup_stm32f10x_md.o(.text)
    ADC1_2_IRQHandler                        0x080001db   Thumb Code     0  startup_stm32f10x_md.o(.text)
    CAN1_RX1_IRQHandler                      0x080001db   Thumb Code     0  startup_stm32f10x_md.o(.text)
    CAN1_SCE_IRQHandler                      0x080001db   Thumb Code     0  startup_stm32f10x_md.o(.text)
    DMA1_Channel1_IRQHandler                 0x080001db   Thumb Code     0  startup_stm32f10x_md.o(.text)
    DMA1_Channel2_IRQHandler                 0x080001db   Thumb Code     0  startup_stm32f10x_md.o(.text)
    DMA1_Channel3_IRQHandler                 0x080001db   Thumb Code     0  startup_stm32f10x_md.o(.text)
    DMA1_Channel4_IRQHandler                 0x080001db   Thumb Code     0  startup_stm32f10x_md.o(.text)
    DMA1_Channel5_IRQHandler                 0x080001db   Thumb Code     0  startup_stm32f10x_md.o(.text)
    EXTI0_IRQHandler                         0x080001db   Thumb Code     0  startup_stm32f10x_md.o(.text)
    EXTI15_10_IRQHandler                     0x080001db   Thumb Code     0  startup_stm32f10x_md.o(.text)
    EXTI1_IRQHandler                         0x080001db   Thumb Code     0  startup_stm32f10x_md.o(.text)
    EXTI2_IRQHandler                         0x080001db   Thumb Code     0  startup_stm32f10x_md.o(.text)
    EXTI3_IRQHandler                         0x080001db   Thumb Code     0  startup_stm32f10x_md.o(.text)
    EXTI4_IRQHandler                         0x080001db   Thumb Code     0  startup_stm32f10x_md.o(.text)
    EXTI9_5_IRQHandler                       0x080001db   Thumb Code     0  startup_stm32f10x_md.o(.text)
    FLASH_IRQHandler                         0x080001db   Thumb Code     0  startup_stm32f10x_md.o(.text)
    I2C1_ER_IRQHandler                       0x080001db   Thumb Code     0  startup_stm32f10x_md.o(.text)
    I2C1_EV_IRQHandler                       0x080001db   Thumb Code     0  startup_stm32f10x_md.o(.text)
    I2C2_ER_IRQHandler                       0x080001db   Thumb Code     0  startup_stm32f10x_md.o(.text)
    I2C2_EV_IRQHandler                       0x080001db   Thumb Code     0  startup_stm32f10x_md.o(.text)
    PVD_IRQHandler                           0x080001db   Thumb Code     0  startup_stm32f10x_md.o(.text)
    RCC_IRQHandler                           0x080001db   Thumb Code     0  startup_stm32f10x_md.o(.text)
    RTCAlarm_IRQHandler                      0x080001db   Thumb Code     0  startup_stm32f10x_md.o(.text)
    RTC_IRQHandler                           0x080001db   Thumb Code     0  startup_stm32f10x_md.o(.text)
    SPI1_IRQHandler                          0x080001db   Thumb Code     0  startup_stm32f10x_md.o(.text)
    SPI2_IRQHandler                          0x080001db   Thumb Code     0  startup_stm32f10x_md.o(.text)
    TAMPER_IRQHandler                        0x080001db   Thumb Code     0  startup_stm32f10x_md.o(.text)
    TIM1_BRK_IRQHandler                      0x080001db   Thumb Code     0  startup_stm32f10x_md.o(.text)
    TIM1_CC_IRQHandler                       0x080001db   Thumb Code     0  startup_stm32f10x_md.o(.text)
    TIM1_TRG_COM_IRQHandler                  0x080001db   Thumb Code     0  startup_stm32f10x_md.o(.text)
    TIM2_IRQHandler                          0x080001db   Thumb Code     0  startup_stm32f10x_md.o(.text)
    TIM3_IRQHandler                          0x080001db   Thumb Code     0  startup_stm32f10x_md.o(.text)
    TIM4_IRQHandler                          0x080001db   Thumb Code     0  startup_stm32f10x_md.o(.text)
    USART1_IRQHandler                        0x080001db   Thumb Code     0  startup_stm32f10x_md.o(.text)
    USART3_IRQHandler                        0x080001db   Thumb Code     0  startup_stm32f10x_md.o(.text)
    USBWakeUp_IRQHandler                     0x080001db   Thumb Code     0  startup_stm32f10x_md.o(.text)
    USB_HP_CAN1_TX_IRQHandler                0x080001db   Thumb Code     0  startup_stm32f10x_md.o(.text)
    USB_LP_CAN1_RX0_IRQHandler               0x080001db   Thumb Code     0  startup_stm32f10x_md.o(.text)
    WWDG_IRQHandler                          0x080001db   Thumb Code     0  startup_stm32f10x_md.o(.text)
    __user_initial_stackheap                 0x080001dd   Thumb Code     0  startup_stm32f10x_md.o(.text)
    __use_two_region_memory                  0x080001fd   Thumb Code     2  heapauxi.o(.text)
    __rt_heap_escrow$2region                 0x080001ff   Thumb Code     2  heapauxi.o(.text)
    __rt_heap_expand$2region                 0x08000201   Thumb Code     2  heapauxi.o(.text)
    __user_setup_stackheap                   0x08000203   Thumb Code    74  sys_stackheap_outer.o(.text)
    exit                                     0x0800024d   Thumb Code    18  exit.o(.text)
    __user_libspace                          0x08000261   Thumb Code     8  libspace.o(.text)
    __user_perproc_libspace                  0x08000261   Thumb Code     0  libspace.o(.text)
    __user_perthread_libspace                0x08000261   Thumb Code     0  libspace.o(.text)
    _sys_exit                                0x08000269   Thumb Code     8  sys_exit.o(.text)
    __I$use$semihosting                      0x08000275   Thumb Code     0  use_no_semi.o(.text)
    __use_no_semihosting_swi                 0x08000275   Thumb Code     2  use_no_semi.o(.text)
    Long Thumb to Thumb Veneer to TIM1_Cnf   0x08000277   Thumb Code    10  anon$$obj.o(Veneer$$Code)
    __semihosting_library_function           0x08000277   Thumb Code     0  indicate_semi.o(.text)
    DMA1_Channel6_IRQHandler                 0x08000281   Thumb Code    28  usart_uart_dma.o(i.DMA1_Channel6_IRQHandler)
    DMA1_Channel7_IRQHandler                 0x080002a5   Thumb Code    20  usart_uart_dma.o(i.DMA1_Channel7_IRQHandler)
    GPIO_Pin_Cfg                             0x08000365   Thumb Code   138  gpio_fun.o(i.GPIO_Pin_Cfg)
    PLL_Config64MHZ                          0x08000405   Thumb Code   146  rcc_config.o(i.PLL_Config64MHZ)
    SysTick_Handler                          0x080004ad   Thumb Code    12  rcc_config.o(i.SysTick_Handler)
    TIM1_UP_IRQHandler                       0x080004bd   Thumb Code    30  main.o(i.TIM1_UP_IRQHandler)
    TUART_DMA_Receive                        0x080004e5   Thumb Code   106  usart_uart_dma.o(i.TUART_DMA_Receive)
    TUART_DMA_Trasmit                        0x08000559   Thumb Code    48  usart_uart_dma.o(i.TUART_DMA_Trasmit)
    USART2_IRQHandler                        0x08000589   Thumb Code    10  usart_uart_dma.o(i.USART2_IRQHandler)
    USART_Init                               0x080005c1   Thumb Code    36  usart_uart_dma.o(i.USART_Init)
    USARTx_DMA_Config                        0x08000651   Thumb Code   110  usart_uart_dma.o(i.USARTx_DMA_Config)
    main                                     0x080006f9   Thumb Code   300  main.o(i.main)
    EventRecorderInfo                        0x0800084c   Data          24  eventrecorder.o(.constdata)
    Region$$Table$$Base                      0x08000b28   Number         0  anon$$obj.o(Region$$Table)
    Region$$Table$$Limit                     0x08000b58   Number         0  anon$$obj.o(Region$$Table)
    TIM1_Cnf                                 0x20000001   Thumb Code    98  main.o(RAMCODE)
    SoftTimer                                0x2000006c   Data           4  main.o(.data)
    rx_BUF                                   0x20000070   Data        1655  main.o(.data)
    SysTime                                  0x200006e8   Data           4  rcc_config.o(.data)
    TUART2                                   0x200006ec   Data          44  main.o(.bss)
    __libspace_start                         0x20000718   Data          96  libspace.o(.bss)
    __temporary_stack_top$libspace           0x20000778   Data           0  libspace.o(.bss)



==============================================================================

Memory Map of the image

  Image Entry point : 0x080000ed

  Load Region LR_IROM1 (Base: 0x08000000, Size: 0x00001244, Max: 0x00020000, ABSOLUTE, COMPRESSED[0x00000bdc])

    Execution Region ER_IROM1 (Exec base: 0x08000000, Load base: 0x08000000, Size: 0x00000b58, Max: 0x00020000, ABSOLUTE)

    Exec Addr    Load Addr    Size         Type   Attr      Idx    E Section Name        Object

    0x08000000   0x08000000   0x000000ec   Data   RO          386    RESET               startup_stm32f10x_md.o
    0x080000ec   0x080000ec   0x00000008   Code   RO          445  * !!!main             c_w.l(__main.o)
    0x080000f4   0x080000f4   0x00000034   Code   RO          608    !!!scatter          c_w.l(__scatter.o)
    0x08000128   0x08000128   0x0000003a   Code   RO          606    !!dczerorl          c_w.l(__dczerorl.o)
    0x08000162   0x08000162   0x00000002   PAD
    0x08000164   0x08000164   0x0000001a   Code   RO          610    !!handler_copy      c_w.l(__scatter_copy.o)
    0x0800017e   0x0800017e   0x00000002   PAD
    0x08000180   0x08000180   0x0000001c   Code   RO          612    !!handler_zi        c_w.l(__scatter_zi.o)
    0x0800019c   0x0800019c   0x00000002   Code   RO          474    .ARM.Collect$$libinit$$00000000  c_w.l(libinit.o)
    0x0800019e   0x0800019e   0x00000000   Code   RO          481    .ARM.Collect$$libinit$$00000002  c_w.l(libinit2.o)
    0x0800019e   0x0800019e   0x00000000   Code   RO          483    .ARM.Collect$$libinit$$00000004  c_w.l(libinit2.o)
    0x0800019e   0x0800019e   0x00000000   Code   RO          486    .ARM.Collect$$libinit$$0000000A  c_w.l(libinit2.o)
    0x0800019e   0x0800019e   0x00000000   Code   RO          488    .ARM.Collect$$libinit$$0000000C  c_w.l(libinit2.o)
    0x0800019e   0x0800019e   0x00000000   Code   RO          490    .ARM.Collect$$libinit$$0000000E  c_w.l(libinit2.o)
    0x0800019e   0x0800019e   0x00000000   Code   RO          493    .ARM.Collect$$libinit$$00000011  c_w.l(libinit2.o)
    0x0800019e   0x0800019e   0x00000000   Code   RO          495    .ARM.Collect$$libinit$$00000013  c_w.l(libinit2.o)
    0x0800019e   0x0800019e   0x00000000   Code   RO          497    .ARM.Collect$$libinit$$00000015  c_w.l(libinit2.o)
    0x0800019e   0x0800019e   0x00000000   Code   RO          499    .ARM.Collect$$libinit$$00000017  c_w.l(libinit2.o)
    0x0800019e   0x0800019e   0x00000000   Code   RO          501    .ARM.Collect$$libinit$$00000019  c_w.l(libinit2.o)
    0x0800019e   0x0800019e   0x00000000   Code   RO          503    .ARM.Collect$$libinit$$0000001B  c_w.l(libinit2.o)
    0x0800019e   0x0800019e   0x00000000   Code   RO          505    .ARM.Collect$$libinit$$0000001D  c_w.l(libinit2.o)
    0x0800019e   0x0800019e   0x00000000   Code   RO          507    .ARM.Collect$$libinit$$0000001F  c_w.l(libinit2.o)
    0x0800019e   0x0800019e   0x00000000   Code   RO          509    .ARM.Collect$$libinit$$00000021  c_w.l(libinit2.o)
    0x0800019e   0x0800019e   0x00000000   Code   RO          511    .ARM.Collect$$libinit$$00000023  c_w.l(libinit2.o)
    0x0800019e   0x0800019e   0x00000000   Code   RO          513    .ARM.Collect$$libinit$$00000025  c_w.l(libinit2.o)
    0x0800019e   0x0800019e   0x00000000   Code   RO          517    .ARM.Collect$$libinit$$0000002C  c_w.l(libinit2.o)
    0x0800019e   0x0800019e   0x00000000   Code   RO          519    .ARM.Collect$$libinit$$0000002E  c_w.l(libinit2.o)
    0x0800019e   0x0800019e   0x00000000   Code   RO          521    .ARM.Collect$$libinit$$00000030  c_w.l(libinit2.o)
    0x0800019e   0x0800019e   0x00000000   Code   RO          523    .ARM.Collect$$libinit$$00000032  c_w.l(libinit2.o)
    0x0800019e   0x0800019e   0x00000002   Code   RO          524    .ARM.Collect$$libinit$$00000033  c_w.l(libinit2.o)
    0x080001a0   0x080001a0   0x00000002   Code   RO          544    .ARM.Collect$$libshutdown$$00000000  c_w.l(libshutdown.o)
    0x080001a2   0x080001a2   0x00000000   Code   RO          557    .ARM.Collect$$libshutdown$$00000002  c_w.l(libshutdown2.o)
    0x080001a2   0x080001a2   0x00000000   Code   RO          559    .ARM.Collect$$libshutdown$$00000004  c_w.l(libshutdown2.o)
    0x080001a2   0x080001a2   0x00000000   Code   RO          561    .ARM.Collect$$libshutdown$$00000006  c_w.l(libshutdown2.o)
    0x080001a2   0x080001a2   0x00000000   Code   RO          564    .ARM.Collect$$libshutdown$$00000009  c_w.l(libshutdown2.o)
    0x080001a2   0x080001a2   0x00000000   Code   RO          567    .ARM.Collect$$libshutdown$$0000000C  c_w.l(libshutdown2.o)
    0x080001a2   0x080001a2   0x00000000   Code   RO          569    .ARM.Collect$$libshutdown$$0000000E  c_w.l(libshutdown2.o)
    0x080001a2   0x080001a2   0x00000000   Code   RO          572    .ARM.Collect$$libshutdown$$00000011  c_w.l(libshutdown2.o)
    0x080001a2   0x080001a2   0x00000002   Code   RO          573    .ARM.Collect$$libshutdown$$00000012  c_w.l(libshutdown2.o)
    0x080001a4   0x080001a4   0x00000000   Code   RO          447    .ARM.Collect$$rtentry$$00000000  c_w.l(__rtentry.o)
    0x080001a4   0x080001a4   0x00000000   Code   RO          451    .ARM.Collect$$rtentry$$00000002  c_w.l(__rtentry2.o)
    0x080001a4   0x080001a4   0x00000006   Code   RO          463    .ARM.Collect$$rtentry$$00000004  c_w.l(__rtentry4.o)
    0x080001aa   0x080001aa   0x00000000   Code   RO          453    .ARM.Collect$$rtentry$$00000009  c_w.l(__rtentry2.o)
    0x080001aa   0x080001aa   0x00000004   Code   RO          454    .ARM.Collect$$rtentry$$0000000A  c_w.l(__rtentry2.o)
    0x080001ae   0x080001ae   0x00000000   Code   RO          456    .ARM.Collect$$rtentry$$0000000C  c_w.l(__rtentry2.o)
    0x080001ae   0x080001ae   0x00000008   Code   RO          457    .ARM.Collect$$rtentry$$0000000D  c_w.l(__rtentry2.o)
    0x080001b6   0x080001b6   0x00000002   Code   RO          478    .ARM.Collect$$rtexit$$00000000  c_w.l(rtexit.o)
    0x080001b8   0x080001b8   0x00000000   Code   RO          526    .ARM.Collect$$rtexit$$00000002  c_w.l(rtexit2.o)
    0x080001b8   0x080001b8   0x00000004   Code   RO          527    .ARM.Collect$$rtexit$$00000003  c_w.l(rtexit2.o)
    0x080001bc   0x080001bc   0x00000006   Code   RO          528    .ARM.Collect$$rtexit$$00000004  c_w.l(rtexit2.o)
    0x080001c2   0x080001c2   0x00000002   PAD
    0x080001c4   0x080001c4   0x00000038   Code   RO          387    .text               startup_stm32f10x_md.o
    0x080001fc   0x080001fc   0x00000006   Code   RO          443    .text               c_w.l(heapauxi.o)
    0x08000202   0x08000202   0x0000004a   Code   RO          465    .text               c_w.l(sys_stackheap_outer.o)
    0x0800024c   0x0800024c   0x00000012   Code   RO          467    .text               c_w.l(exit.o)
    0x0800025e   0x0800025e   0x00000002   PAD
    0x08000260   0x08000260   0x00000008   Code   RO          475    .text               c_w.l(libspace.o)
    0x08000268   0x08000268   0x0000000c   Code   RO          536    .text               c_w.l(sys_exit.o)
    0x08000274   0x08000274   0x00000002   Code   RO          547    .text               c_w.l(use_no_semi.o)
    0x08000276   0x08000276   0x00000000   Code   RO          549    .text               c_w.l(indicate_semi.o)
    0x08000276   0x08000276   0x0000000a   Ven    RO          614    Veneer$$Code        anon$$obj.o
    0x08000280   0x08000280   0x00000024   Code   RO           87    i.DMA1_Channel6_IRQHandler  usart_uart_dma.o
    0x080002a4   0x080002a4   0x00000018   Code   RO           88    i.DMA1_Channel7_IRQHandler  usart_uart_dma.o
    0x080002bc   0x080002bc   0x00000078   Code   RO           89    i.ECHO_UART         usart_uart_dma.o
    0x08000334   0x08000334   0x00000030   Code   RO           90    i.End_Rec           usart_uart_dma.o
    0x08000364   0x08000364   0x000000a0   Code   RO          222    i.GPIO_Pin_Cfg      gpio_fun.o
    0x08000404   0x08000404   0x000000a8   Code   RO          182    i.PLL_Config64MHZ   rcc_config.o
    0x080004ac   0x080004ac   0x00000010   Code   RO          183    i.SysTick_Handler   rcc_config.o
    0x080004bc   0x080004bc   0x00000028   Code   RO            5    i.TIM1_UP_IRQHandler  main.o
    0x080004e4   0x080004e4   0x00000074   Code   RO           91    i.TUART_DMA_Receive  usart_uart_dma.o
    0x08000558   0x08000558   0x00000030   Code   RO           92    i.TUART_DMA_Trasmit  usart_uart_dma.o
    0x08000588   0x08000588   0x00000010   Code   RO           93    i.USART2_IRQHandler  usart_uart_dma.o
    0x08000598   0x08000598   0x00000028   Code   RO           94    i.USART_CallBack    usart_uart_dma.o
    0x080005c0   0x080005c0   0x00000024   Code   RO           95    i.USART_Init        usart_uart_dma.o
    0x080005e4   0x080005e4   0x0000006c   Code   RO           96    i.USART_Tr_DMA_CNGG  usart_uart_dma.o
    0x08000650   0x08000650   0x00000084   Code   RO           97    i.USARTx_DMA_Config  usart_uart_dma.o
    0x080006d4   0x080006d4   0x00000022   Code   RO           98    i.__NVIC_EnableIRQ  usart_uart_dma.o
    0x080006f6   0x080006f6   0x00000002   PAD
    0x080006f8   0x080006f8   0x0000014c   Code   RO            6    i.main              main.o
    0x08000844   0x08000844   0x00000007   Data   RO           99    .constdata          usart_uart_dma.o
    0x0800084b   0x0800084b   0x00000001   PAD
    0x0800084c   0x0800084c   0x00000018   Data   RO          271    .constdata          eventrecorder.o
    0x08000864   0x08000864   0x000002c2   Data   RO            8    .conststring        main.o
    0x08000b26   0x08000b26   0x00000002   PAD
    0x08000b28   0x08000b28   0x00000030   Data   RO          604    Region$$Table       anon$$obj.o


    Execution Region RW_IRAM1 (Exec base: 0x20000000, Load base: 0x08000b58, Size: 0x00001228, Max: 0x00005000, ABSOLUTE, COMPRESSED[0x00000018])

    Exec Addr    Load Addr    Size         Type   Attr      Idx    E Section Name        Object

    0x20000000   0x08000b58   0x0000006c   Code   RO            4    RAMCODE             main.o
    0x2000006c   COMPRESSED   0x0000067b   Data   RW            9    .data               main.o
    0x200006e7   COMPRESSED   0x00000001   PAD
    0x200006e8   COMPRESSED   0x00000004   Data   RW          184    .data               rcc_config.o
    0x200006ec        -       0x0000002c   Zero   RW            7    .bss                main.o
    0x20000718        -       0x00000060   Zero   RW          476    .bss                c_w.l(libspace.o)
    0x20000778   COMPRESSED   0x00000008   PAD
    0x20000780        -       0x000004a4   Zero   RW          270    .bss.noinit         eventrecorder.o
    0x20000c24   COMPRESSED   0x00000004   PAD
    0x20000c28        -       0x00000200   Zero   RW          385    HEAP                startup_stm32f10x_md.o
    0x20000e28        -       0x00000400   Zero   RW          384    STACK               startup_stm32f10x_md.o


==============================================================================

Image component sizes


      Code (inc. data)   RO Data    RW Data    ZI Data      Debug   Object Name

         0          0         24          0       1188       3912   eventrecorder.o
       160         22          0          0          0       1007   gpio_fun.o
       480         52        706       1659         44     236704   main.o
       184         26          0          4          0       1062   rcc_config.o
        56         22        236          0       1536        816   startup_stm32f10x_md.o
       758        100          7          0          0       8804   usart_uart_dma.o

    ----------------------------------------------------------------------
      1650        222       1024       1664       2772     252305   Object Totals
        10          0         48          0          0          0   (incl. Generated)
         2          0          3          1          4          0   (incl. Padding)

    ----------------------------------------------------------------------

      Code (inc. data)   RO Data    RW Data    ZI Data      Debug   Library Member Name

        58          0          0          0          0          0   __dczerorl.o
         8          0          0          0          0         68   __main.o
         0          0          0          0          0          0   __rtentry.o
        12          0          0          0          0          0   __rtentry2.o
         6          0          0          0          0          0   __rtentry4.o
        52          8          0          0          0          0   __scatter.o
        26          0          0          0          0          0   __scatter_copy.o
        28          0          0          0          0          0   __scatter_zi.o
        18          0          0          0          0         80   exit.o
         6          0          0          0          0        152   heapauxi.o
         0          0          0          0          0          0   indicate_semi.o
         2          0          0          0          0          0   libinit.o
         2          0          0          0          0          0   libinit2.o
         2          0          0          0          0          0   libshutdown.o
         2          0          0          0          0          0   libshutdown2.o
         8          4          0          0         96         68   libspace.o
         2          0          0          0          0          0   rtexit.o
        10          0          0          0          0          0   rtexit2.o
        12          4          0          0          0         68   sys_exit.o
        74          0          0          0          0         80   sys_stackheap_outer.o
         2          0          0          0          0         68   use_no_semi.o

    ----------------------------------------------------------------------
       338         16          0          0        104        584   Library Totals
         8          0          0          0          8          0   (incl. Padding)

    ----------------------------------------------------------------------

      Code (inc. data)   RO Data    RW Data    ZI Data      Debug   Library Name

       330         16          0          0         96        584   c_w.l

    ----------------------------------------------------------------------
       338         16          0          0        104        584   Library Totals

    ----------------------------------------------------------------------

==============================================================================


      Code (inc. data)   RO Data    RW Data    ZI Data      Debug   

      1988        238       1024       1664       2876     252017   Grand Totals
      1988        238       1024         24       2876     252017   ELF Image Totals (compressed)
      1988        238       1024         24          0          0   ROM Totals

==============================================================================

    Total RO  Size (Code + RO Data)                 3012 (   2.94kB)
    Total RW  Size (RW Data + ZI Data)              4540 (   4.43kB)
    Total ROM Size (Code + RO Data + RW Data)       3036 (   2.96kB)

==============================================================================

